Trying port 5000...
Port 5000 responded with status 500
Data: {"error":"Server error"}
Could not subscribe on any common port.
